mcg.c:56:5:pll_init	40	static
mcg.c:218:5:pee_pbe	24	static
mcg.c:247:5:pbe_pee	24	static
mcg.c:291:5:pbe_fbe	24	static
mcg.c:338:5:fbe_pbe	32	static
mcg.c:402:5:pbe_blpe	16	static
mcg.c:426:5:blpe_pbe	24	static
mcg.c:489:5:blpe_fbe	24	static
mcg.c:517:5:fbe_blpe	16	static
mcg.c:536:5:fbe_fei	32	static
mcg.c:607:5:fei_fbe	24	static
mcg.c:706:5:fbe_fee	24	static
mcg.c:749:5:fee_fbe	24	static
mcg.c:777:5:fbe_fbi	24	static
mcg.c:867:5:fbi_fbe	24	static
mcg.c:983:5:fbi_blpi	24	static
mcg.c:1028:5:blpi_fbi	24	static
mcg.c:1056:5:fbi_fee	32	static
mcg.c:1172:5:fee_fbi	24	static
mcg.c:1256:5:fbi_fei	32	static
mcg.c:1307:5:fei_fbi	24	static
mcg.c:1403:5:fei_fee	32	static
mcg.c:1511:5:fee_fei	24	static
mcg.c:1553:15:atc	56	static
mcg.c:1664:5:fll_freq	24	static
mcg.c:1730:15:what_mcg_mode	8	static
mcg.c:1812:6:clk_monitor_0	16	static
